// Jest Snapshot v1, https://goo.gl/fbAQLP

exports[`<TestComponent /> renders well in basic mode 1`] = `
<Styled(Component)>
  <Text
    accessible={true}
    allowFontScaling={true}
    ellipsizeMode="tail"
  >
    TestComponent
  </Text>
</Styled(Component)>
`;
