// Jest Snapshot v1, https://goo.gl/fbAQLP

exports[`<SmallButton /> renders well in basic mode 1`] = `
<Placeholder
  orientation="row"
>
  SmallSquareButton
</Placeholder>
`;
