// Jest Snapshot v1, https://goo.gl/fbAQLP

exports[`<H5 /> renders well in basic mode 1`] = `
<Text
  accessible={true}
  allowFontScaling={true}
  ellipsizeMode="tail"
>
  H5
</Text>
`;
