// Jest Snapshot v1, https://goo.gl/fbAQLP

exports[`<WhiteButton /> renders well in basic mode 1`] = `
<Placeholder
  orientation="row"
>
  White button
</Placeholder>
`;
