// Jest Snapshot v1, https://goo.gl/fbAQLP

exports[`<RectangularButton /> renders well in basic mode 1`] = `
<Placeholder
  orientation="row"
>
  Next button
</Placeholder>
`;
