// Jest Snapshot v1, https://goo.gl/fbAQLP

exports[`<CornerBanner /> renders well in basic mode 1`] = `
<Placeholder
  orientation="row"
>
  Corner banner
</Placeholder>
`;
