// Jest Snapshot v1, https://goo.gl/fbAQLP

exports[`<InputTextfield /> renders well in basic mode 1`] = `
<Placeholder
  orientation="row"
>
  Input textfield
</Placeholder>
`;
