// Jest Snapshot v1, https://goo.gl/fbAQLP

exports[`<MenuIcon /> renders well in basic mode 1`] = `
<Placeholder
  orientation="row"
>
  MenuIcon
</Placeholder>
`;
