// Jest Snapshot v1, https://goo.gl/fbAQLP

exports[`<HeaderText /> renders well in basic mode 1`] = `
<Text
  accessible={true}
  allowFontScaling={true}
  ellipsizeMode="tail"
>
  Header text
</Text>
`;
