// Jest Snapshot v1, https://goo.gl/fbAQLP

exports[`<H4 /> renders well in basic mode 1`] = `
<Text
  accessible={true}
  allowFontScaling={true}
  ellipsizeMode="tail"
>
  H4
</Text>
`;
