// Jest Snapshot v1, https://goo.gl/fbAQLP

exports[`<RewardTile /> renders well in basic mode 1`] = `
<Placeholder
  orientation="row"
>
  LockedReward container
  <RewardTileHeader />
  <Placeholder
    orientation="row"
  >
    White container
    <SmallPointStatusBox />
    <SmallPointStatusBox />
    <SmallPointStatusBox />
  </Placeholder>
</Placeholder>
`;
